###############################################################################
#
# IAR ELF Linker V7.60.1.11101/W32 for ARM                18/May/2016  18:01:47
# Copyright 2007-2016 IAR Systems AB.
#
#    Output file  =  
#        D:\idea_puri_platform\software\build\Debug\Exe\idea_puri_platform.out
#    Map file     =  
#        D:\idea_puri_platform\software\build\Debug\List\idea_puri_platform.map
#    Command line =  
#        D:\idea_puri_platform\software\build\Debug\Obj\IC_1668.o
#        D:\idea_puri_platform\software\build\Debug\Obj\it.o
#        D:\idea_puri_platform\software\build\Debug\Obj\main.o
#        D:\idea_puri_platform\software\build\Debug\Obj\portable.o
#        D:\idea_puri_platform\software\build\Debug\Obj\startup_stm32f071xb.o
#        D:\idea_puri_platform\software\build\Debug\Obj\stm32f0xx_hal.o
#        D:\idea_puri_platform\software\build\Debug\Obj\stm32f0xx_hal_adc.o
#        D:\idea_puri_platform\software\build\Debug\Obj\stm32f0xx_hal_adc_ex.o
#        D:\idea_puri_platform\software\build\Debug\Obj\stm32f0xx_hal_can.o
#        D:\idea_puri_platform\software\build\Debug\Obj\stm32f0xx_hal_cec.o
#        D:\idea_puri_platform\software\build\Debug\Obj\stm32f0xx_hal_comp.o
#        D:\idea_puri_platform\software\build\Debug\Obj\stm32f0xx_hal_cortex.o
#        D:\idea_puri_platform\software\build\Debug\Obj\stm32f0xx_hal_crc.o
#        D:\idea_puri_platform\software\build\Debug\Obj\stm32f0xx_hal_crc_ex.o
#        D:\idea_puri_platform\software\build\Debug\Obj\stm32f0xx_hal_dac.o
#        D:\idea_puri_platform\software\build\Debug\Obj\stm32f0xx_hal_dac_ex.o
#        D:\idea_puri_platform\software\build\Debug\Obj\stm32f0xx_hal_dma.o
#        D:\idea_puri_platform\software\build\Debug\Obj\stm32f0xx_hal_flash.o
#        D:\idea_puri_platform\software\build\Debug\Obj\stm32f0xx_hal_flash_ex.o
#        D:\idea_puri_platform\software\build\Debug\Obj\stm32f0xx_hal_gpio.o
#        D:\idea_puri_platform\software\build\Debug\Obj\stm32f0xx_hal_i2c.o
#        D:\idea_puri_platform\software\build\Debug\Obj\stm32f0xx_hal_i2c_ex.o
#        D:\idea_puri_platform\software\build\Debug\Obj\stm32f0xx_hal_i2s.o
#        D:\idea_puri_platform\software\build\Debug\Obj\stm32f0xx_hal_irda.o
#        D:\idea_puri_platform\software\build\Debug\Obj\stm32f0xx_hal_iwdg.o
#        D:\idea_puri_platform\software\build\Debug\Obj\stm32f0xx_hal_msp_template.o
#        D:\idea_puri_platform\software\build\Debug\Obj\stm32f0xx_hal_pcd.o
#        D:\idea_puri_platform\software\build\Debug\Obj\stm32f0xx_hal_pcd_ex.o
#        D:\idea_puri_platform\software\build\Debug\Obj\stm32f0xx_hal_pwr.o
#        D:\idea_puri_platform\software\build\Debug\Obj\stm32f0xx_hal_pwr_ex.o
#        D:\idea_puri_platform\software\build\Debug\Obj\stm32f0xx_hal_rcc.o
#        D:\idea_puri_platform\software\build\Debug\Obj\stm32f0xx_hal_rcc_ex.o
#        D:\idea_puri_platform\software\build\Debug\Obj\stm32f0xx_hal_rtc.o
#        D:\idea_puri_platform\software\build\Debug\Obj\stm32f0xx_hal_rtc_ex.o
#        D:\idea_puri_platform\software\build\Debug\Obj\stm32f0xx_hal_smartcard.o
#        D:\idea_puri_platform\software\build\Debug\Obj\stm32f0xx_hal_smartcard_ex.o
#        D:\idea_puri_platform\software\build\Debug\Obj\stm32f0xx_hal_smbus.o
#        D:\idea_puri_platform\software\build\Debug\Obj\stm32f0xx_hal_spi.o
#        D:\idea_puri_platform\software\build\Debug\Obj\stm32f0xx_hal_spi_ex.o
#        D:\idea_puri_platform\software\build\Debug\Obj\stm32f0xx_hal_tim.o
#        D:\idea_puri_platform\software\build\Debug\Obj\stm32f0xx_hal_tim_ex.o
#        D:\idea_puri_platform\software\build\Debug\Obj\stm32f0xx_hal_tsc.o
#        D:\idea_puri_platform\software\build\Debug\Obj\stm32f0xx_hal_uart.o
#        D:\idea_puri_platform\software\build\Debug\Obj\stm32f0xx_hal_uart_ex.o
#        D:\idea_puri_platform\software\build\Debug\Obj\stm32f0xx_hal_usart.o
#        D:\idea_puri_platform\software\build\Debug\Obj\stm32f0xx_hal_wwdg.o
#        D:\idea_puri_platform\software\build\Debug\Obj\system_stm32f0xx.o -o
#        D:\idea_puri_platform\software\build\Debug\Exe\idea_puri_platform.out
#        --redirect _Printf=_PrintfFull --redirect _Scanf=_ScanfFull --map
#        D:\idea_puri_platform\software\build\Debug\List\idea_puri_platform.map
#        --config D:\idea_puri_platform\software\build/stm32f071xb_flash.icf
#        --semihosting --entry __iar_program_start --vfe
#
###############################################################################

*******************************************************************************
*** RUNTIME MODEL ATTRIBUTES
***

CppFlavor       = *
__SystemLibrary = DLib


*******************************************************************************
*** PLACEMENT SUMMARY
***

"A1":  place at 0x08000000 { ro section .intvec };
"P1":  place in [from 0x08000000 to 0x0801ffff] { ro };
"P2":  place in [from 0x20000000 to 0x20003fff] { rw, block CSTACK, block HEAP };
initialize by copy { rw };

  Section            Kind        Address    Size  Object
  -------            ----        -------    ----  ------
"A1":                                       0xbc
  .intvec            ro code  0x08000000    0xbc  startup_stm32f071xb.o [1]
                            - 0x080000bc    0xbc

"P1":                                     0x1383
  .text              ro code  0x080000bc   0x830  stm32f0xx_hal_rcc.o [1]
  .text              ro code  0x080008ec    0x50  stm32f0xx_hal.o [1]
  .text              ro code  0x0800093c    0x34  ABImemcpy.o [4]
  .text              ro code  0x08000970    0xae  I32DivModFast.o [4]
  .text              ro code  0x08000a1e     0x2  stm32f0xx_hal_msp_template.o [1]
  .text              ro code  0x08000a20    0xfc  stm32f0xx_hal_cortex.o [1]
  .text              ro code  0x08000b1c     0x2  IntDivZer.o [4]
  .text              ro code  0x08000b1e     0x2  startup_stm32f071xb.o [1]
  .text              ro code  0x08000b20   0x268  IC_1668.o [1]
  .text              ro code  0x08000d88   0x208  stm32f0xx_hal_gpio.o [1]
  .text              ro code  0x08000f90   0x16c  portable.o [1]
  .text              ro code  0x080010fc   0x140  stm32f0xx_hal_rcc_ex.o [1]
  .text              ro code  0x0800123c    0x94  system_stm32f0xx.o [1]
  .text              ro code  0x080012d0    0x3c  packbits_init_single.o [4]
  .text              ro code  0x0800130c    0x28  data_init.o [4]
  .iar.init_table    const    0x08001334    0x10  - Linker created -
  .text              ro code  0x08001344    0x1c  main.o [1]
  .text              ro code  0x08001360    0x1a  cmain.o [4]
  .text              ro code  0x0800137a     0x4  low_level_init.o [3]
  .text              ro code  0x0800137e     0x8  exit.o [3]
  .text              ro code  0x08001386     0x2  startup_stm32f071xb.o [1]
  .text              ro code  0x08001388     0xa  cexit.o [4]
  .text              ro code  0x08001392     0x2  startup_stm32f071xb.o [1]
  .text              ro code  0x08001394    0x14  exit.o [5]
  .rodata            const    0x080013a8    0x10  stm32f0xx_hal_rcc.o [1]
  .rodata            const    0x080013b8    0x10  stm32f0xx_hal_rcc.o [1]
  .rodata            const    0x080013c8    0x10  stm32f0xx_hal_rcc.o [1]
  .text              ro code  0x080013d8    0x10  startup_stm32f071xb.o [1]
  .text              ro code  0x080013e8     0xc  cstartup_M.o [4]
  .text              ro code  0x080013f4     0x8  it.o [1]
  .text              ro code  0x080013fc     0x2  startup_stm32f071xb.o [1]
  .text              ro code  0x080013fe     0x2  startup_stm32f071xb.o [1]
  .text              ro code  0x08001400     0x2  startup_stm32f071xb.o [1]
  .text              ro code  0x08001402     0x2  startup_stm32f071xb.o [1]
  .text              ro code  0x08001404     0x2  startup_stm32f071xb.o [1]
  .text              ro code  0x08001406     0x2  startup_stm32f071xb.o [1]
  .text              ro code  0x08001408     0x2  startup_stm32f071xb.o [1]
  .text              ro code  0x0800140a     0x2  startup_stm32f071xb.o [1]
  .text              ro code  0x0800140c     0x2  startup_stm32f071xb.o [1]
  .text              ro code  0x0800140e     0x2  startup_stm32f071xb.o [1]
  .text              ro code  0x08001410     0x2  startup_stm32f071xb.o [1]
  .text              ro code  0x08001412     0x2  startup_stm32f071xb.o [1]
  .text              ro code  0x08001414     0x2  startup_stm32f071xb.o [1]
  .text              ro code  0x08001416     0x2  startup_stm32f071xb.o [1]
  .text              ro code  0x08001418     0x2  startup_stm32f071xb.o [1]
  .text              ro code  0x0800141a     0x2  startup_stm32f071xb.o [1]
  .text              ro code  0x0800141c     0x2  startup_stm32f071xb.o [1]
  .text              ro code  0x0800141e     0x2  startup_stm32f071xb.o [1]
  .text              ro code  0x08001420     0x2  startup_stm32f071xb.o [1]
  .text              ro code  0x08001422     0x2  startup_stm32f071xb.o [1]
  .text              ro code  0x08001424     0x2  startup_stm32f071xb.o [1]
  .text              ro code  0x08001426     0x2  startup_stm32f071xb.o [1]
  .text              ro code  0x08001428     0x2  startup_stm32f071xb.o [1]
  .text              ro code  0x0800142a     0x2  startup_stm32f071xb.o [1]
  .text              ro code  0x0800142c     0x2  startup_stm32f071xb.o [1]
  .text              ro code  0x0800142e     0x2  startup_stm32f071xb.o [1]
  .text              ro code  0x08001430     0x2  startup_stm32f071xb.o [1]
  .text              ro code  0x08001432     0x2  startup_stm32f071xb.o [1]
  .text              ro code  0x08001434     0x2  startup_stm32f071xb.o [1]
  .rodata            const    0x08001436     0x0  packbits_init_single.o [4]
  Initializer bytes  const    0x08001436     0x9  <for P2-1>
                            - 0x0800143f  0x1383

"P2", part 1 of 2:                          0x18
  P2-1                        0x20000000    0x18  <Init block>
    .data            inited   0x20000000    0x10  main.o [1]
    .data            inited   0x20000010     0x4  system_stm32f0xx.o [1]
    .bss             inited   0x20000014     0x4  stm32f0xx_hal.o [1]
                            - 0x20000018    0x18

"P2", part 2 of 2:                         0x400
  CSTACK                      0x20000018   0x400  <Block>
    CSTACK           uninit   0x20000018   0x400  <Block tail>
                            - 0x20000418   0x400


*******************************************************************************
*** INIT TABLE
***

          Address     Size
          -------     ----
Copy/packbits (__iar_packbits_init_single3)
    1 source range, total size 0x9 (37% of destination):
          0x08001436   0x9
    1 destination range, total size 0x18:
          0x20000000  0x18



*******************************************************************************
*** MODULE SUMMARY
***

    Module                        ro code  ro data  rw data
    ------                        -------  -------  -------
D:\idea_puri_platform\software\build\Debug\Obj: [1]
    IC_1668.o                         616
    it.o                                8
    main.o                             28        6       16
    portable.o                        364
    startup_stm32f071xb.o             268
    stm32f0xx_hal.o                    80        2        4
    stm32f0xx_hal_cortex.o            252
    stm32f0xx_hal_gpio.o              520
    stm32f0xx_hal_msp_template.o        2
    stm32f0xx_hal_rcc.o             2 096       48
    stm32f0xx_hal_rcc_ex.o            320
    system_stm32f0xx.o                148        1        4
    -------------------------------------------------------
    Total:                          4 702       57       24

command line: [2]
    -------------------------------------------------------
    Total:

dl6M_tln.a: [3]
    exit.o                              8
    low_level_init.o                    4
    -------------------------------------------------------
    Total:                             12

rt6M_tl.a: [4]
    ABImemcpy.o                        52
    I32DivModFast.o                   174
    IntDivZer.o                         2
    cexit.o                            10
    cmain.o                            26
    cstartup_M.o                       12
    data_init.o                        40
    packbits_init_single.o             60
    -------------------------------------------------------
    Total:                            376

shb_l.a: [5]
    exit.o                             20
    -------------------------------------------------------
    Total:                             20

    Linker created                              16    1 024
-----------------------------------------------------------
    Grand Total:                    5 110       73    1 048


*******************************************************************************
*** ENTRY LIST
***

Entry                      Address   Size  Type      Object
-----                      -------   ----  ----      ------
.iar.init_table$$Base   0x08001334          --   Gb  - Linker created -
.iar.init_table$$Limit  0x08001344          --   Gb  - Linker created -
?main                   0x08001361         Code  Gb  cmain.o [4]
CSTACK$$Base            0x20000018          --   Gb  - Linker created -
CSTACK$$Limit           0x20000418          --   Gb  - Linker created -
CT1668_WriteDisplayData
                        0x08000cbd   0xc8  Code  Gb  IC_1668.o [1]
GPIO_Config             0x08001003   0xe6  Code  Gb  portable.o [1]
HAL_GPIO_Init           0x08000d89  0x1cc  Code  Gb  stm32f0xx_hal_gpio.o [1]
HAL_GPIO_WritePin       0x08000f69   0x14  Code  Gb  stm32f0xx_hal_gpio.o [1]
HAL_GetTick             0x0800092d    0x6  Code  Wk  stm32f0xx_hal.o [1]
HAL_Init                0x080008ed   0x1c  Code  Gb  stm32f0xx_hal.o [1]
HAL_InitTick            0x08000909   0x24  Code  Wk  stm32f0xx_hal.o [1]
HAL_MspInit             0x08000a1f    0x2  Code  Gb  stm32f0xx_hal_msp_template.o [1]
HAL_NVIC_SetPriority    0x08000ad5    0xa  Code  Gb  stm32f0xx_hal_cortex.o [1]
HAL_RCCEx_PeriphCLKConfig
                        0x080010fd  0x11e  Code  Gb  stm32f0xx_hal_rcc_ex.o [1]
HAL_RCC_ClockConfig     0x08000675  0x17a  Code  Gb  stm32f0xx_hal_rcc.o [1]
HAL_RCC_GetHCLKFreq     0x080008a1   0x20  Code  Gb  stm32f0xx_hal_rcc.o [1]
HAL_RCC_GetSysClockFreq
                        0x08000805   0x96  Code  Gb  stm32f0xx_hal_rcc.o [1]
HAL_RCC_OscConfig       0x080000bd  0x5a6  Code  Gb  stm32f0xx_hal_rcc.o [1]
HAL_SYSTICK_CLKSourceConfig
                        0x08000ae7   0x22  Code  Gb  stm32f0xx_hal_cortex.o [1]
HAL_SYSTICK_Config      0x08000adf    0x8  Code  Gb  stm32f0xx_hal_cortex.o [1]
HardFault_Handler       0x080013f7    0x2  Code  Gb  it.o [1]
NMI_Handler             0x080013f5    0x2  Code  Gb  it.o [1]
NVIC_SetPriority        0x08000a21   0x84  Code  Lc  stm32f0xx_hal_cortex.o [1]
Region$$Table$$Base     0x08001334          --   Gb  - Linker created -
Region$$Table$$Limit    0x08001344          --   Gb  - Linker created -
SysClock_Config         0x08000f91   0x72  Code  Gb  portable.o [1]
SysTick_Config          0x08000aa5   0x30  Code  Lc  stm32f0xx_hal_cortex.o [1]
SysTick_Handler         0x080013f9    0x2  Code  Gb  it.o [1]
SystemCoreClock         0x20000010    0x4  Data  Gb  system_stm32f0xx.o [1]
SystemInit              0x0800123d   0x68  Code  Gb  system_stm32f0xx.o [1]
USART3_4_IRQHandler     0x080013fb    0x2  Code  Gb  it.o [1]
__ICFEDIT_region_RAM_end__ {Abs}
                        0x20003fff          --   Gb  command line/config [2]
__ICFEDIT_region_RAM_start__ {Abs}
                        0x20000000          --   Gb  command line/config [2]
__aeabi_idiv0           0x08000b1d         Code  Gb  IntDivZer.o [4]
__aeabi_memcpy4         0x0800093d         Code  Wk  ABImemcpy.o [4]
__aeabi_uidiv           0x08000971         Code  Gb  I32DivModFast.o [4]
__aeabi_uidivmod        0x08000971         Code  Gb  I32DivModFast.o [4]
__cmain                 0x08001361         Code  Gb  cmain.o [4]
__exit                  0x08001395   0x14  Code  Gb  exit.o [5]
__iar_data_init3        0x0800130d   0x28  Code  Gb  data_init.o [4]
__iar_packbits_init_single3
                        0x080012d1   0x3c  Code  Gb  packbits_init_single.o [4]
__iar_program_start     0x080013e9         Code  Gb  cstartup_M.o [4]
__low_level_init        0x0800137b    0x4  Code  Gb  low_level_init.o [3]
__vector_table          0x08000000         Data  Gb  startup_stm32f071xb.o [1]
_call_main              0x0800136d         Code  Gb  cmain.o [4]
_exit                   0x08001389         Code  Gb  cexit.o [4]
_main                   0x08001377         Code  Gb  cmain.o [4]
aAPBAHBPrescTable       0x080013c8   0x10  Data  Gb  stm32f0xx_hal_rcc.o [1]
delayns                 0x08000b21   0x66  Code  Gb  IC_1668.o [1]
delayus                 0x08000b87   0xca  Code  Gb  IC_1668.o [1]
exit                    0x0800137f    0x8  Code  Gb  exit.o [3]
main                    0x08001345   0x1c  Code  Gb  main.o [1]
sendByteToCt1668        0x08000c51   0x6c  Code  Lc  IC_1668.o [1]
testTab                 0x20000000   0x10  Data  Gb  main.o [1]
uwTick                  0x20000014    0x4  Data  Lc  stm32f0xx_hal.o [1]


[1] = D:\idea_puri_platform\software\build\Debug\Obj
[2] = command line
[3] = dl6M_tln.a
[4] = rt6M_tl.a
[5] = shb_l.a

  5 110 bytes of readonly  code memory
     73 bytes of readonly  data memory
  1 048 bytes of readwrite data memory

Errors: none
Warnings: none
